Archive member included to satisfy reference by file (symbol)

C:/microchip_avr_gcc_toolchain/avr8-gnu-toolchain-win32_x86_64/bin/../lib/gcc/avr/15.1.0/avr5\libgcc.a(_udivmodqi4.o)
                              src/main.o (__udivmodqi4)
C:/microchip_avr_gcc_toolchain/avr8-gnu-toolchain-win32_x86_64/bin/../lib/gcc/avr/15.1.0/avr5\libgcc.a(_udivmodhi4.o)
                              src/main.o (__udivmodhi4)
C:/microchip_avr_gcc_toolchain/avr8-gnu-toolchain-win32_x86_64/bin/../lib/gcc/avr/15.1.0/avr5\libgcc.a(_exit.o)
                              C:/microchip_avr_gcc_toolchain/avr8-gnu-toolchain-win32_x86_64/bin/../lib/gcc/avr/15.1.0/../../../../avr/lib/avr5/crtatmega328p.o (exit)
C:/microchip_avr_gcc_toolchain/avr8-gnu-toolchain-win32_x86_64/bin/../lib/gcc/avr/15.1.0/avr5\libgcc.a(_copy_data.o)
                              src/main.o (__do_copy_data)

Discarded input sections

 .data          0x00000000        0x0 C:/microchip_avr_gcc_toolchain/avr8-gnu-toolchain-win32_x86_64/bin/../lib/gcc/avr/15.1.0/../../../../avr/lib/avr5/crtatmega328p.o
 .bss           0x00000000        0x0 C:/microchip_avr_gcc_toolchain/avr8-gnu-toolchain-win32_x86_64/bin/../lib/gcc/avr/15.1.0/../../../../avr/lib/avr5/crtatmega328p.o
 .text          0x00000000        0x0 src/main.o
 .data          0x00000000        0x0 src/main.o
 .bss           0x00000000        0x0 src/main.o
 .text          0x00000000        0x0 ../../extern_libraries/USART.o
 .data          0x00000000        0x0 ../../extern_libraries/USART.o
 .bss           0x00000000        0x0 ../../extern_libraries/USART.o
 .text.readString
                0x00000000       0x68 ../../extern_libraries/USART.o
 .text.printByte
                0x00000000       0x3c ../../extern_libraries/USART.o
 .text.printWord
                0x00000000       0x84 ../../extern_libraries/USART.o
 .text.printBinaryByte
                0x00000000       0x44 ../../extern_libraries/USART.o
 .text.nibbleToHexCharacter
                0x00000000        0xc ../../extern_libraries/USART.o
 .text.printHexByte
                0x00000000       0x1e ../../extern_libraries/USART.o
 .text.getNumber
                0x00000000       0x46 ../../extern_libraries/USART.o
 .text          0x00000000        0x0 ../../extern_libraries/i2c.o
 .data          0x00000000        0x0 ../../extern_libraries/i2c.o
 .bss           0x00000000        0x0 ../../extern_libraries/i2c.o
 .text          0x00000000        0x0 ../../extern_libraries/24lc256.o
 .data          0x00000000        0x0 ../../extern_libraries/24lc256.o
 .bss           0x00000000        0x0 ../../extern_libraries/24lc256.o
 .text          0x00000000        0x0 C:/microchip_avr_gcc_toolchain/avr8-gnu-toolchain-win32_x86_64/bin/../lib/gcc/avr/15.1.0/avr5\libgcc.a(_udivmodqi4.o)
 .data          0x00000000        0x0 C:/microchip_avr_gcc_toolchain/avr8-gnu-toolchain-win32_x86_64/bin/../lib/gcc/avr/15.1.0/avr5\libgcc.a(_udivmodqi4.o)
 .bss           0x00000000        0x0 C:/microchip_avr_gcc_toolchain/avr8-gnu-toolchain-win32_x86_64/bin/../lib/gcc/avr/15.1.0/avr5\libgcc.a(_udivmodqi4.o)
 .text.libgcc.mul
                0x00000000        0x0 C:/microchip_avr_gcc_toolchain/avr8-gnu-toolchain-win32_x86_64/bin/../lib/gcc/avr/15.1.0/avr5\libgcc.a(_udivmodqi4.o)
 .text.libgcc   0x00000000        0x0 C:/microchip_avr_gcc_toolchain/avr8-gnu-toolchain-win32_x86_64/bin/../lib/gcc/avr/15.1.0/avr5\libgcc.a(_udivmodqi4.o)
 .text.libgcc.prologue
                0x00000000        0x0 C:/microchip_avr_gcc_toolchain/avr8-gnu-toolchain-win32_x86_64/bin/../lib/gcc/avr/15.1.0/avr5\libgcc.a(_udivmodqi4.o)
 .text.libgcc.builtins
                0x00000000        0x0 C:/microchip_avr_gcc_toolchain/avr8-gnu-toolchain-win32_x86_64/bin/../lib/gcc/avr/15.1.0/avr5\libgcc.a(_udivmodqi4.o)
 .text.libgcc.fmul
                0x00000000        0x0 C:/microchip_avr_gcc_toolchain/avr8-gnu-toolchain-win32_x86_64/bin/../lib/gcc/avr/15.1.0/avr5\libgcc.a(_udivmodqi4.o)
 .text.libgcc.fixed
                0x00000000        0x0 C:/microchip_avr_gcc_toolchain/avr8-gnu-toolchain-win32_x86_64/bin/../lib/gcc/avr/15.1.0/avr5\libgcc.a(_udivmodqi4.o)
 .text          0x00000000        0x0 C:/microchip_avr_gcc_toolchain/avr8-gnu-toolchain-win32_x86_64/bin/../lib/gcc/avr/15.1.0/avr5\libgcc.a(_udivmodhi4.o)
 .data          0x00000000        0x0 C:/microchip_avr_gcc_toolchain/avr8-gnu-toolchain-win32_x86_64/bin/../lib/gcc/avr/15.1.0/avr5\libgcc.a(_udivmodhi4.o)
 .bss           0x00000000        0x0 C:/microchip_avr_gcc_toolchain/avr8-gnu-toolchain-win32_x86_64/bin/../lib/gcc/avr/15.1.0/avr5\libgcc.a(_udivmodhi4.o)
 .text.libgcc.mul
                0x00000000        0x0 C:/microchip_avr_gcc_toolchain/avr8-gnu-toolchain-win32_x86_64/bin/../lib/gcc/avr/15.1.0/avr5\libgcc.a(_udivmodhi4.o)
 .text.libgcc   0x00000000        0x0 C:/microchip_avr_gcc_toolchain/avr8-gnu-toolchain-win32_x86_64/bin/../lib/gcc/avr/15.1.0/avr5\libgcc.a(_udivmodhi4.o)
 .text.libgcc.prologue
                0x00000000        0x0 C:/microchip_avr_gcc_toolchain/avr8-gnu-toolchain-win32_x86_64/bin/../lib/gcc/avr/15.1.0/avr5\libgcc.a(_udivmodhi4.o)
 .text.libgcc.builtins
                0x00000000        0x0 C:/microchip_avr_gcc_toolchain/avr8-gnu-toolchain-win32_x86_64/bin/../lib/gcc/avr/15.1.0/avr5\libgcc.a(_udivmodhi4.o)
 .text.libgcc.fmul
                0x00000000        0x0 C:/microchip_avr_gcc_toolchain/avr8-gnu-toolchain-win32_x86_64/bin/../lib/gcc/avr/15.1.0/avr5\libgcc.a(_udivmodhi4.o)
 .text.libgcc.fixed
                0x00000000        0x0 C:/microchip_avr_gcc_toolchain/avr8-gnu-toolchain-win32_x86_64/bin/../lib/gcc/avr/15.1.0/avr5\libgcc.a(_udivmodhi4.o)
 .text          0x00000000        0x0 C:/microchip_avr_gcc_toolchain/avr8-gnu-toolchain-win32_x86_64/bin/../lib/gcc/avr/15.1.0/avr5\libgcc.a(_exit.o)
 .data          0x00000000        0x0 C:/microchip_avr_gcc_toolchain/avr8-gnu-toolchain-win32_x86_64/bin/../lib/gcc/avr/15.1.0/avr5\libgcc.a(_exit.o)
 .bss           0x00000000        0x0 C:/microchip_avr_gcc_toolchain/avr8-gnu-toolchain-win32_x86_64/bin/../lib/gcc/avr/15.1.0/avr5\libgcc.a(_exit.o)
 .text.libgcc.mul
                0x00000000        0x0 C:/microchip_avr_gcc_toolchain/avr8-gnu-toolchain-win32_x86_64/bin/../lib/gcc/avr/15.1.0/avr5\libgcc.a(_exit.o)
 .text.libgcc.div
                0x00000000        0x0 C:/microchip_avr_gcc_toolchain/avr8-gnu-toolchain-win32_x86_64/bin/../lib/gcc/avr/15.1.0/avr5\libgcc.a(_exit.o)
 .text.libgcc   0x00000000        0x0 C:/microchip_avr_gcc_toolchain/avr8-gnu-toolchain-win32_x86_64/bin/../lib/gcc/avr/15.1.0/avr5\libgcc.a(_exit.o)
 .text.libgcc.prologue
                0x00000000        0x0 C:/microchip_avr_gcc_toolchain/avr8-gnu-toolchain-win32_x86_64/bin/../lib/gcc/avr/15.1.0/avr5\libgcc.a(_exit.o)
 .text.libgcc.builtins
                0x00000000        0x0 C:/microchip_avr_gcc_toolchain/avr8-gnu-toolchain-win32_x86_64/bin/../lib/gcc/avr/15.1.0/avr5\libgcc.a(_exit.o)
 .text.libgcc.fmul
                0x00000000        0x0 C:/microchip_avr_gcc_toolchain/avr8-gnu-toolchain-win32_x86_64/bin/../lib/gcc/avr/15.1.0/avr5\libgcc.a(_exit.o)
 .text.libgcc.fixed
                0x00000000        0x0 C:/microchip_avr_gcc_toolchain/avr8-gnu-toolchain-win32_x86_64/bin/../lib/gcc/avr/15.1.0/avr5\libgcc.a(_exit.o)
 .text          0x00000000        0x0 C:/microchip_avr_gcc_toolchain/avr8-gnu-toolchain-win32_x86_64/bin/../lib/gcc/avr/15.1.0/avr5\libgcc.a(_copy_data.o)
 .data          0x00000000        0x0 C:/microchip_avr_gcc_toolchain/avr8-gnu-toolchain-win32_x86_64/bin/../lib/gcc/avr/15.1.0/avr5\libgcc.a(_copy_data.o)
 .bss           0x00000000        0x0 C:/microchip_avr_gcc_toolchain/avr8-gnu-toolchain-win32_x86_64/bin/../lib/gcc/avr/15.1.0/avr5\libgcc.a(_copy_data.o)
 .text.libgcc.mul
                0x00000000        0x0 C:/microchip_avr_gcc_toolchain/avr8-gnu-toolchain-win32_x86_64/bin/../lib/gcc/avr/15.1.0/avr5\libgcc.a(_copy_data.o)
 .text.libgcc.div
                0x00000000        0x0 C:/microchip_avr_gcc_toolchain/avr8-gnu-toolchain-win32_x86_64/bin/../lib/gcc/avr/15.1.0/avr5\libgcc.a(_copy_data.o)
 .text.libgcc   0x00000000        0x0 C:/microchip_avr_gcc_toolchain/avr8-gnu-toolchain-win32_x86_64/bin/../lib/gcc/avr/15.1.0/avr5\libgcc.a(_copy_data.o)
 .text.libgcc.prologue
                0x00000000        0x0 C:/microchip_avr_gcc_toolchain/avr8-gnu-toolchain-win32_x86_64/bin/../lib/gcc/avr/15.1.0/avr5\libgcc.a(_copy_data.o)
 .text.libgcc.builtins
                0x00000000        0x0 C:/microchip_avr_gcc_toolchain/avr8-gnu-toolchain-win32_x86_64/bin/../lib/gcc/avr/15.1.0/avr5\libgcc.a(_copy_data.o)
 .text.libgcc.fmul
                0x00000000        0x0 C:/microchip_avr_gcc_toolchain/avr8-gnu-toolchain-win32_x86_64/bin/../lib/gcc/avr/15.1.0/avr5\libgcc.a(_copy_data.o)
 .text.libgcc.fixed
                0x00000000        0x0 C:/microchip_avr_gcc_toolchain/avr8-gnu-toolchain-win32_x86_64/bin/../lib/gcc/avr/15.1.0/avr5\libgcc.a(_copy_data.o)

Memory Configuration

Name             Origin             Length             Attributes
text             0x00000000         0x00008000         xr
data             0x00800100         0x00000800         rw!x
eeprom           0x00810000         0x00000400         rw!x
fuse             0x00820000         0x00000003         rw!x
lock             0x00830000         0x00000400         rw!x
signature        0x00840000         0x00000400         rw!x
user_signatures  0x00850000         0x00000400         rw!x
*default*        0x00000000         0xffffffff

Linker script and memory map

Address of section .data set to 0x800100
LOAD C:/microchip_avr_gcc_toolchain/avr8-gnu-toolchain-win32_x86_64/bin/../lib/gcc/avr/15.1.0/../../../../avr/lib/avr5/crtatmega328p.o
LOAD src/main.o
LOAD ../../extern_libraries/USART.o
LOAD ../../extern_libraries/i2c.o
LOAD ../../extern_libraries/24lc256.o
START GROUP
LOAD C:/microchip_avr_gcc_toolchain/avr8-gnu-toolchain-win32_x86_64/bin/../lib/gcc/avr/15.1.0/avr5\libgcc.a
LOAD C:/microchip_avr_gcc_toolchain/avr8-gnu-toolchain-win32_x86_64/bin/../lib/gcc/avr/15.1.0/../../../../avr/lib/avr5\libm.a
LOAD C:/microchip_avr_gcc_toolchain/avr8-gnu-toolchain-win32_x86_64/bin/../lib/gcc/avr/15.1.0/../../../../avr/lib/avr5\libc.a
LOAD C:/microchip_avr_gcc_toolchain/avr8-gnu-toolchain-win32_x86_64/bin/../lib/gcc/avr/15.1.0/../../../../avr/lib/avr5\libatmega328p.a
END GROUP
                [0x00000000]                      __TEXT_REGION_ORIGIN__ = DEFINED (__TEXT_REGION_ORIGIN__)?__TEXT_REGION_ORIGIN__:0x0
                [0x00008000]                      __TEXT_REGION_LENGTH__ = DEFINED (__TEXT_REGION_LENGTH__)?__TEXT_REGION_LENGTH__:0x20000
                [0x00800100]                      __DATA_REGION_ORIGIN__ = DEFINED (__DATA_REGION_ORIGIN__)?__DATA_REGION_ORIGIN__:0x800060
                [0x00000800]                      __DATA_REGION_LENGTH__ = DEFINED (__DATA_REGION_LENGTH__)?__DATA_REGION_LENGTH__:0xffa0
                [0x00000400]                      __EEPROM_REGION_LENGTH__ = DEFINED (__EEPROM_REGION_LENGTH__)?__EEPROM_REGION_LENGTH__:0x10000
                [0x00000003]                      __FUSE_REGION_LENGTH__ = DEFINED (__FUSE_REGION_LENGTH__)?__FUSE_REGION_LENGTH__:0x400
                0x00000400                        __LOCK_REGION_LENGTH__ = DEFINED (__LOCK_REGION_LENGTH__)?__LOCK_REGION_LENGTH__:0x400
                0x00000400                        __SIGNATURE_REGION_LENGTH__ = DEFINED (__SIGNATURE_REGION_LENGTH__)?__SIGNATURE_REGION_LENGTH__:0x400
                0x00000400                        __USER_SIGNATURE_REGION_LENGTH__ = DEFINED (__USER_SIGNATURE_REGION_LENGTH__)?__USER_SIGNATURE_REGION_LENGTH__:0x400

.hash
 *(.hash)

.dynsym
 *(.dynsym)

.dynstr
 *(.dynstr)

.gnu.version
 *(.gnu.version)

.gnu.version_d
 *(.gnu.version_d)

.gnu.version_r
 *(.gnu.version_r)

.rel.init
 *(.rel.init)

.rela.init
 *(.rela.init)

.rel.text
 *(.rel.text)
 *(.rel.text.*)
 *(.rel.gnu.linkonce.t*)

.rela.text
 *(.rela.text)
 *(.rela.text.*)
 *(.rela.gnu.linkonce.t*)

.rel.fini
 *(.rel.fini)

.rela.fini
 *(.rela.fini)

.rel.rodata
 *(.rel.rodata)
 *(.rel.rodata.*)
 *(.rel.gnu.linkonce.r*)

.rela.rodata
 *(.rela.rodata)
 *(.rela.rodata.*)
 *(.rela.gnu.linkonce.r*)

.rel.data
 *(.rel.data)
 *(.rel.data.*)
 *(.rel.gnu.linkonce.d*)

.rela.data
 *(.rela.data)
 *(.rela.data.*)
 *(.rela.gnu.linkonce.d*)

.rel.ctors
 *(.rel.ctors)

.rela.ctors
 *(.rela.ctors)

.rel.dtors
 *(.rel.dtors)

.rela.dtors
 *(.rela.dtors)

.rel.got
 *(.rel.got)

.rela.got
 *(.rela.got)

.rel.bss
 *(.rel.bss)

.rela.bss
 *(.rela.bss)

.rel.plt
 *(.rel.plt)

.rela.plt
 *(.rela.plt)

.text           0x00000000      0x66c
 *(.vectors)
 .vectors       0x00000000       0x68 C:/microchip_avr_gcc_toolchain/avr8-gnu-toolchain-win32_x86_64/bin/../lib/gcc/avr/15.1.0/../../../../avr/lib/avr5/crtatmega328p.o
                0x00000000                __vector_default
                0x00000000                __vectors
 *(.vectors)
 *(.progmem.gcc*)
                0x00000068                        . = ALIGN (0x2)
                0x00000068                        __trampolines_start = .
 *(.trampolines)
 .trampolines   0x00000068        0x0 linker stubs
 *(.trampolines*)
                0x00000068                        __trampolines_end = .
 *libprintf_flt.a:*(.progmem.data)
 *libc.a:*(.progmem.data)
 *(.progmem.*)
                0x00000068                        . = ALIGN (0x2)
 *(.lowtext)
 *(.lowtext*)
                0x00000068                        __ctors_start = .
 *(.ctors)
                0x00000068                        __ctors_end = .
                0x00000068                        __dtors_start = .
 *(.dtors)
                0x00000068                        __dtors_end = .
 SORT_BY_NAME(*)(.ctors)
 SORT_BY_NAME(*)(.dtors)
 *(.init0)
 .init0         0x00000068        0x0 C:/microchip_avr_gcc_toolchain/avr8-gnu-toolchain-win32_x86_64/bin/../lib/gcc/avr/15.1.0/../../../../avr/lib/avr5/crtatmega328p.o
                0x00000068                __init
 *(.init0)
 *(.init1)
 *(.init1)
 *(.init2)
 .init2         0x00000068        0xc C:/microchip_avr_gcc_toolchain/avr8-gnu-toolchain-win32_x86_64/bin/../lib/gcc/avr/15.1.0/../../../../avr/lib/avr5/crtatmega328p.o
 *(.init2)
 *(.init3)
 *(.init3)
 *(.init4)
 .init4         0x00000074       0x16 C:/microchip_avr_gcc_toolchain/avr8-gnu-toolchain-win32_x86_64/bin/../lib/gcc/avr/15.1.0/avr5\libgcc.a(_copy_data.o)
                0x00000074                __do_copy_data
 *(.init4)
 *(.init5)
 *(.init5)
 *(.init6)
 *(.init6)
 *(.init7)
 *(.init7)
 *(.init8)
 *(.init8)
 *(.init9)
 .init9         0x0000008a        0x8 C:/microchip_avr_gcc_toolchain/avr8-gnu-toolchain-win32_x86_64/bin/../lib/gcc/avr/15.1.0/../../../../avr/lib/avr5/crtatmega328p.o
 *(.init9)
 *(.text)
 .text          0x00000092        0x4 C:/microchip_avr_gcc_toolchain/avr8-gnu-toolchain-win32_x86_64/bin/../lib/gcc/avr/15.1.0/../../../../avr/lib/avr5/crtatmega328p.o
                0x00000092                __vector_22
                0x00000092                __vector_1
                0x00000092                __vector_24
                0x00000092                __vector_12
                0x00000092                __bad_interrupt
                0x00000092                __vector_6
                0x00000092                __vector_3
                0x00000092                __vector_23
                0x00000092                __vector_25
                0x00000092                __vector_11
                0x00000092                __vector_13
                0x00000092                __vector_17
                0x00000092                __vector_19
                0x00000092                __vector_7
                0x00000092                __vector_5
                0x00000092                __vector_4
                0x00000092                __vector_9
                0x00000092                __vector_2
                0x00000092                __vector_21
                0x00000092                __vector_15
                0x00000092                __vector_8
                0x00000092                __vector_14
                0x00000092                __vector_10
                0x00000092                __vector_16
                0x00000092                __vector_18
                0x00000092                __vector_20
                0x00000096                        . = ALIGN (0x2)
 *(.text.*)
 .text.print_uint16
                0x00000096       0x98 src/main.o
 .text.print_temperature
                0x0000012e       0x52 src/main.o
 .text.startup.main
                0x00000180      0x26e src/main.o
                0x00000180                main
 .text.initUSART
                0x000003ee       0x22 ../../extern_libraries/USART.o
                0x000003ee                initUSART
 .text.transmitByte
                0x00000410        0xe ../../extern_libraries/USART.o
                0x00000410                transmitByte
 .text.receiveByte
                0x0000041e        0xe ../../extern_libraries/USART.o
                0x0000041e                receiveByte
 .text.printString
                0x0000042c       0x3a ../../extern_libraries/USART.o
                0x0000042c                printString
 .text.init_I2C
                0x00000466       0x12 ../../extern_libraries/i2c.o
                0x00000466                init_I2C
 .text.i2c_wait_for_complete
                0x00000478        0xa ../../extern_libraries/i2c.o
                0x00000478                i2c_wait_for_complete
 .text.i2c_start
                0x00000482        0xa ../../extern_libraries/i2c.o
                0x00000482                i2c_start
 .text.i2c_stop
                0x0000048c        0x8 ../../extern_libraries/i2c.o
                0x0000048c                i2c_stop
 .text.i2c_send
                0x00000494        0xe ../../extern_libraries/i2c.o
                0x00000494                i2c_send
 .text.i2c_read_ack
                0x000004a2       0x10 ../../extern_libraries/i2c.o
                0x000004a2                i2c_read_ack
 .text.i2c_read_no_ack
                0x000004b2       0x10 ../../extern_libraries/i2c.o
                0x000004b2                i2c_read_no_ack
 .text.eeprom_send_address
                0x000004c2       0x28 ../../extern_libraries/24lc256.o
 .text.EEPROM_read_byte
                0x000004ea       0x3a ../../extern_libraries/24lc256.o
                0x000004ea                EEPROM_read_byte
 .text.EEPROM_read_word
                0x00000524       0x36 ../../extern_libraries/24lc256.o
                0x00000524                EEPROM_read_word
 .text.EEPROM_write_byte
                0x0000055a       0x40 ../../extern_libraries/24lc256.o
                0x0000055a                EEPROM_write_byte
 .text.EEPROM_write_word
                0x0000059a       0x4a ../../extern_libraries/24lc256.o
                0x0000059a                EEPROM_write_word
 .text.EEPROM_clear_all
                0x000005e4       0x44 ../../extern_libraries/24lc256.o
                0x000005e4                EEPROM_clear_all
 .text.libgcc.div
                0x00000628       0x18 C:/microchip_avr_gcc_toolchain/avr8-gnu-toolchain-win32_x86_64/bin/../lib/gcc/avr/15.1.0/avr5\libgcc.a(_udivmodqi4.o)
                0x00000628                __udivmodqi4
 .text.libgcc.div
                0x00000640       0x28 C:/microchip_avr_gcc_toolchain/avr8-gnu-toolchain-win32_x86_64/bin/../lib/gcc/avr/15.1.0/avr5\libgcc.a(_udivmodhi4.o)
                0x00000640                __udivmodhi4
                0x00000668                        . = ALIGN (0x2)
 *(.fini9)
 .fini9         0x00000668        0x0 C:/microchip_avr_gcc_toolchain/avr8-gnu-toolchain-win32_x86_64/bin/../lib/gcc/avr/15.1.0/avr5\libgcc.a(_exit.o)
                0x00000668                _exit
                0x00000668                exit
 *(.fini9)
 *(.fini8)
 *(.fini8)
 *(.fini7)
 *(.fini7)
 *(.fini6)
 *(.fini6)
 *(.fini5)
 *(.fini5)
 *(.fini4)
 *(.fini4)
 *(.fini3)
 *(.fini3)
 *(.fini2)
 *(.fini2)
 *(.fini1)
 *(.fini1)
 *(.fini0)
 .fini0         0x00000668        0x4 C:/microchip_avr_gcc_toolchain/avr8-gnu-toolchain-win32_x86_64/bin/../lib/gcc/avr/15.1.0/avr5\libgcc.a(_exit.o)
 *(.fini0)
 *(.hightext)
 *(.hightext*)
 *(.progmemx.*)
                0x0000066c                        . = ALIGN (0x2)
 *(.jumptables)
 *(.jumptables*)
                0x0000066c                        _etext = .

.data           0x00800100      0x1c4 load address 0x0000066c
                0x00800100                        PROVIDE (__data_start = .)
 *(.data)
 *(.data*)
 *(.gnu.linkonce.d*)
 *(.rodata)
 *(.rodata*)
 .rodata.print_temperature.str1.1
                0x00800100      0x1c4 src/main.o
                                 0x1a (size before relaxing)
 .rodata.main.str1.1
                0x008002c4      0x1aa src/main.o
 *(.gnu.linkonce.r*)
                0x0080046e                        . = ALIGN (0x2)
                0x008002c4                        _edata = .
                0x008002c4                        PROVIDE (__data_end = .)

.bss            0x008002c4        0x0
                [!provide]                        PROVIDE (__bss_start = .)
 *(.bss)
 *(.bss*)
 *(COMMON)
                [!provide]                        PROVIDE (__bss_end = .)
                0x0000066c                        __data_load_start = LOADADDR (.data)
                0x00000830                        __data_load_end = (__data_load_start + SIZEOF (.data))

.noinit         0x008002c4        0x0
                [!provide]                        PROVIDE (__noinit_start = .)
 *(.noinit .noinit.* .gnu.linkonce.n.*)
                [!provide]                        PROVIDE (__noinit_end = .)
                0x008002c4                        _end = .
                [!provide]                        PROVIDE (__heap_start = .)
                0x00000000                        __flmap_init_label = DEFINED (__flmap_noinit_start)?__flmap_noinit_start:0x0
                0x00000000                        __flmap = DEFINED (__flmap)?__flmap:0x0

.eeprom         0x00810000        0x0
 *(.eeprom*)
                0x00810000                        __eeprom_end = .

.fuse
 *(.fuse)
 *(.lfuse)
 *(.hfuse)
 *(.efuse)

.lock
 *(.lock*)

.signature
 *(.signature*)

.stab
 *(.stab)

.stabstr
 *(.stabstr)

.stab.excl
 *(.stab.excl)

.stab.exclstr
 *(.stab.exclstr)

.stab.index
 *(.stab.index)

.stab.indexstr
 *(.stab.indexstr)

.comment        0x00000000       0x2f
 *(.comment)
 .comment       0x00000000       0x2f src/main.o
                                 0x30 (size before relaxing)
 .comment       0x0000002f       0x30 ../../extern_libraries/USART.o
 .comment       0x0000002f       0x30 ../../extern_libraries/i2c.o
 .comment       0x0000002f       0x30 ../../extern_libraries/24lc256.o

.note.gnu.avr.deviceinfo
                0x00000000       0x40
 .note.gnu.avr.deviceinfo
                0x00000000       0x40 C:/microchip_avr_gcc_toolchain/avr8-gnu-toolchain-win32_x86_64/bin/../lib/gcc/avr/15.1.0/../../../../avr/lib/avr5/crtatmega328p.o

.gnu.build.attributes
 *(.gnu.build.attributes .gnu.build.attributes.*)

.note.gnu.build-id
 *(.note.gnu.build-id)

.debug
 *(.debug)

.line
 *(.line)

.debug_srcinfo
 *(.debug_srcinfo)

.debug_sfnames
 *(.debug_sfnames)

.debug_aranges  0x00000000      0x138
 *(.debug_aranges)
 .debug_aranges
                0x00000000       0x30 src/main.o
 .debug_aranges
                0x00000030       0x70 ../../extern_libraries/USART.o
 .debug_aranges
                0x000000a0       0x50 ../../extern_libraries/i2c.o
 .debug_aranges
                0x000000f0       0x48 ../../extern_libraries/24lc256.o

.debug_pubnames
 *(.debug_pubnames)

.debug_info     0x00000000     0x17ca
 *(.debug_info .gnu.linkonce.wi.*)
 .debug_info    0x00000000      0x5f4 C:/microchip_avr_gcc_toolchain/avr8-gnu-toolchain-win32_x86_64/bin/../lib/gcc/avr/15.1.0/../../../../avr/lib/avr5/crtatmega328p.o
 .debug_info    0x000005f4      0x811 src/main.o
 .debug_info    0x00000e05      0x3e0 ../../extern_libraries/USART.o
 .debug_info    0x000011e5      0x137 ../../extern_libraries/i2c.o
 .debug_info    0x0000131c      0x4ae ../../extern_libraries/24lc256.o

.debug_abbrev   0x00000000      0xbfc
 *(.debug_abbrev)
 .debug_abbrev  0x00000000      0x5a2 C:/microchip_avr_gcc_toolchain/avr8-gnu-toolchain-win32_x86_64/bin/../lib/gcc/avr/15.1.0/../../../../avr/lib/avr5/crtatmega328p.o
 .debug_abbrev  0x000005a2      0x2a1 src/main.o
 .debug_abbrev  0x00000843      0x14a ../../extern_libraries/USART.o
 .debug_abbrev  0x0000098d       0xbb ../../extern_libraries/i2c.o
 .debug_abbrev  0x00000a48      0x1b4 ../../extern_libraries/24lc256.o

.debug_line     0x00000000     0x1379
 *(.debug_line .debug_line.* .debug_line_end)
 .debug_line    0x00000000       0x1d C:/microchip_avr_gcc_toolchain/avr8-gnu-toolchain-win32_x86_64/bin/../lib/gcc/avr/15.1.0/../../../../avr/lib/avr5/crtatmega328p.o
 .debug_line    0x0000001d      0x830 src/main.o
 .debug_line    0x0000084d      0x5c1 ../../extern_libraries/USART.o
 .debug_line    0x00000e0e      0x1da ../../extern_libraries/i2c.o
 .debug_line    0x00000fe8      0x391 ../../extern_libraries/24lc256.o

.debug_frame    0x00000000      0x308
 *(.debug_frame)
 .debug_frame   0x00000000       0x64 src/main.o
 .debug_frame   0x00000064      0x150 ../../extern_libraries/USART.o
 .debug_frame   0x000001b4       0x84 ../../extern_libraries/i2c.o
 .debug_frame   0x00000238       0xd0 ../../extern_libraries/24lc256.o

.debug_str      0x00000000      0x629
 *(.debug_str)
 .debug_str     0x00000000      0x208 C:/microchip_avr_gcc_toolchain/avr8-gnu-toolchain-win32_x86_64/bin/../lib/gcc/avr/15.1.0/../../../../avr/lib/avr5/crtatmega328p.o
 .debug_str     0x00000208      0x421 src/main.o
                                0x37f (size before relaxing)
 .debug_str     0x00000629      0x222 ../../extern_libraries/USART.o
 .debug_str     0x00000629      0x19d ../../extern_libraries/i2c.o
 .debug_str     0x00000629      0x253 ../../extern_libraries/24lc256.o

.debug_loc
 *(.debug_loc)

.debug_macinfo
 *(.debug_macinfo)

.debug_weaknames
 *(.debug_weaknames)

.debug_funcnames
 *(.debug_funcnames)

.debug_typenames
 *(.debug_typenames)

.debug_varnames
 *(.debug_varnames)

.debug_pubtypes
 *(.debug_pubtypes)

.debug_ranges
 *(.debug_ranges)

.debug_addr
 *(.debug_addr)

.debug_line_str
                0x00000000      0x1eb
 *(.debug_line_str)
 .debug_line_str
                0x00000000      0x1eb src/main.o
                                0x1e9 (size before relaxing)
 .debug_line_str
                0x000001eb      0x134 ../../extern_libraries/USART.o
 .debug_line_str
                0x000001eb      0x12e ../../extern_libraries/i2c.o
 .debug_line_str
                0x000001eb      0x198 ../../extern_libraries/24lc256.o

.debug_loclists
                0x00000000      0x791
 *(.debug_loclists)
 .debug_loclists
                0x00000000      0x2ca src/main.o
 .debug_loclists
                0x000002ca      0x286 ../../extern_libraries/USART.o
 .debug_loclists
                0x00000550       0x31 ../../extern_libraries/i2c.o
 .debug_loclists
                0x00000581      0x210 ../../extern_libraries/24lc256.o

.debug_macro
 *(.debug_macro)

.debug_names
 *(.debug_names)

.debug_rnglists
                0x00000000      0x10d
 *(.debug_rnglists)
 .debug_rnglists
                0x00000000       0x55 src/main.o
 .debug_rnglists
                0x00000055       0x50 ../../extern_libraries/USART.o
 .debug_rnglists
                0x000000a5       0x37 ../../extern_libraries/i2c.o
 .debug_rnglists
                0x000000dc       0x31 ../../extern_libraries/24lc256.o

.debug_str_offsets
 *(.debug_str_offsets)

.debug_sup
 *(.debug_sup)
OUTPUT(build/logging_thermometer.elf elf32-avr)
LOAD linker stubs
