Archive member included to satisfy reference by file (symbol)

C:/microchip_avr_gcc_toolchain/avr8-gnu-toolchain-win32_x86_64/bin/../lib/gcc/avr/15.1.0/avr5\libgcc.a(_umulhisi3.o)
                              src/buzzer.o (__umulhisi3)
C:/microchip_avr_gcc_toolchain/avr8-gnu-toolchain-win32_x86_64/bin/../lib/gcc/avr/15.1.0/avr5\libgcc.a(_udivmodqi4.o)
                              src/ui.o (__udivmodqi4)
C:/microchip_avr_gcc_toolchain/avr8-gnu-toolchain-win32_x86_64/bin/../lib/gcc/avr/15.1.0/avr5\libgcc.a(_udivmodsi4.o)
                              src/anvil.o (__udivmodsi4)
C:/microchip_avr_gcc_toolchain/avr8-gnu-toolchain-win32_x86_64/bin/../lib/gcc/avr/15.1.0/avr5\libgcc.a(_exit.o)
                              C:/microchip_avr_gcc_toolchain/avr8-gnu-toolchain-win32_x86_64/bin/../lib/gcc/avr/15.1.0/../../../../avr/lib/avr5/crtatmega328p.o (exit)
C:/microchip_avr_gcc_toolchain/avr8-gnu-toolchain-win32_x86_64/bin/../lib/gcc/avr/15.1.0/avr5\libgcc.a(_tablejump2.o)
                              src/anvil.o (__tablejump2__)
C:/microchip_avr_gcc_toolchain/avr8-gnu-toolchain-win32_x86_64/bin/../lib/gcc/avr/15.1.0/avr5\libgcc.a(_copy_data.o)
                              src/anvil.o (__do_copy_data)
C:/microchip_avr_gcc_toolchain/avr8-gnu-toolchain-win32_x86_64/bin/../lib/gcc/avr/15.1.0/avr5\libgcc.a(_clear_bss.o)
                              src/buzzer.o (__do_clear_bss)
C:/microchip_avr_gcc_toolchain/avr8-gnu-toolchain-win32_x86_64/bin/../lib/gcc/avr/15.1.0/../../../../avr/lib/avr5\libatmega328p.a(eerd_byte.o)
                              src/storage.o (eeprom_read_byte)
C:/microchip_avr_gcc_toolchain/avr8-gnu-toolchain-win32_x86_64/bin/../lib/gcc/avr/15.1.0/../../../../avr/lib/avr5\libatmega328p.a(eerd_word.o)
                              src/storage.o (eeprom_read_word)
C:/microchip_avr_gcc_toolchain/avr8-gnu-toolchain-win32_x86_64/bin/../lib/gcc/avr/15.1.0/../../../../avr/lib/avr5\libatmega328p.a(eeupd_byte.o)
                              src/storage.o (eeprom_update_byte)
C:/microchip_avr_gcc_toolchain/avr8-gnu-toolchain-win32_x86_64/bin/../lib/gcc/avr/15.1.0/../../../../avr/lib/avr5\libatmega328p.a(eeupd_word.o)
                              src/storage.o (eeprom_update_word)
C:/microchip_avr_gcc_toolchain/avr8-gnu-toolchain-win32_x86_64/bin/../lib/gcc/avr/15.1.0/../../../../avr/lib/avr5\libatmega328p.a(eerd_block.o)
                              C:/microchip_avr_gcc_toolchain/avr8-gnu-toolchain-win32_x86_64/bin/../lib/gcc/avr/15.1.0/../../../../avr/lib/avr5\libatmega328p.a(eerd_word.o) (eeprom_read_blraw)

Discarded input sections

 .data          0x00000000        0x0 C:/microchip_avr_gcc_toolchain/avr8-gnu-toolchain-win32_x86_64/bin/../lib/gcc/avr/15.1.0/../../../../avr/lib/avr5/crtatmega328p.o
 .bss           0x00000000        0x0 C:/microchip_avr_gcc_toolchain/avr8-gnu-toolchain-win32_x86_64/bin/../lib/gcc/avr/15.1.0/../../../../avr/lib/avr5/crtatmega328p.o
 .text          0x00000000        0x0 src/anvil.o
 .data          0x00000000        0x0 src/anvil.o
 .bss           0x00000000        0x0 src/anvil.o
 .text          0x00000000        0x0 src/buzzer.o
 .data          0x00000000        0x0 src/buzzer.o
 .bss           0x00000000        0x0 src/buzzer.o
 .text.buzzer_tone_nb
                0x00000000        0x8 src/buzzer.o
 .text          0x00000000        0x0 src/keypad.o
 .data          0x00000000        0x0 src/keypad.o
 .bss           0x00000000        0x0 src/keypad.o
 .text          0x00000000        0x0 src/leds.o
 .data          0x00000000        0x0 src/leds.o
 .bss           0x00000000        0x0 src/leds.o
 .text          0x00000000        0x0 src/main.o
 .data          0x00000000        0x0 src/main.o
 .bss           0x00000000        0x0 src/main.o
 .text          0x00000000        0x0 src/storage.o
 .data          0x00000000        0x0 src/storage.o
 .bss           0x00000000        0x0 src/storage.o
 .text          0x00000000        0x0 src/sys_tick.o
 .data          0x00000000        0x0 src/sys_tick.o
 .bss           0x00000000        0x0 src/sys_tick.o
 .text          0x00000000        0x0 src/ui.o
 .data          0x00000000        0x0 src/ui.o
 .bss           0x00000000        0x0 src/ui.o
 .text          0x00000000        0x0 ../../lcd/lcd_driver/lcd_driver.o
 .data          0x00000000        0x0 ../../lcd/lcd_driver/lcd_driver.o
 .bss           0x00000000        0x0 ../../lcd/lcd_driver/lcd_driver.o
 .text.Lcd_ReturnHome
                0x00000000       0x18 ../../lcd/lcd_driver/lcd_driver.o
 .text.Lcd_EntryModeSet
                0x00000000       0x12 ../../lcd/lcd_driver/lcd_driver.o
 .text.Lcd_CursorShift
                0x00000000       0x12 ../../lcd/lcd_driver/lcd_driver.o
 .text.Lcd_WriteString
                0x00000000       0x2c ../../lcd/lcd_driver/lcd_driver.o
 .text.Lcd_ReadData
                0x00000000       0x5c ../../lcd/lcd_driver/lcd_driver.o
 .text.Lcd_ReadBusyFlag
                0x00000000       0x6e ../../lcd/lcd_driver/lcd_driver.o
 .text          0x00000000        0x0 C:/microchip_avr_gcc_toolchain/avr8-gnu-toolchain-win32_x86_64/bin/../lib/gcc/avr/15.1.0/avr5\libgcc.a(_umulhisi3.o)
 .data          0x00000000        0x0 C:/microchip_avr_gcc_toolchain/avr8-gnu-toolchain-win32_x86_64/bin/../lib/gcc/avr/15.1.0/avr5\libgcc.a(_umulhisi3.o)
 .bss           0x00000000        0x0 C:/microchip_avr_gcc_toolchain/avr8-gnu-toolchain-win32_x86_64/bin/../lib/gcc/avr/15.1.0/avr5\libgcc.a(_umulhisi3.o)
 .text.libgcc.div
                0x00000000        0x0 C:/microchip_avr_gcc_toolchain/avr8-gnu-toolchain-win32_x86_64/bin/../lib/gcc/avr/15.1.0/avr5\libgcc.a(_umulhisi3.o)
 .text.libgcc   0x00000000        0x0 C:/microchip_avr_gcc_toolchain/avr8-gnu-toolchain-win32_x86_64/bin/../lib/gcc/avr/15.1.0/avr5\libgcc.a(_umulhisi3.o)
 .text.libgcc.prologue
                0x00000000        0x0 C:/microchip_avr_gcc_toolchain/avr8-gnu-toolchain-win32_x86_64/bin/../lib/gcc/avr/15.1.0/avr5\libgcc.a(_umulhisi3.o)
 .text.libgcc.builtins
                0x00000000        0x0 C:/microchip_avr_gcc_toolchain/avr8-gnu-toolchain-win32_x86_64/bin/../lib/gcc/avr/15.1.0/avr5\libgcc.a(_umulhisi3.o)
 .text.libgcc.fmul
                0x00000000        0x0 C:/microchip_avr_gcc_toolchain/avr8-gnu-toolchain-win32_x86_64/bin/../lib/gcc/avr/15.1.0/avr5\libgcc.a(_umulhisi3.o)
 .text.libgcc.fixed
                0x00000000        0x0 C:/microchip_avr_gcc_toolchain/avr8-gnu-toolchain-win32_x86_64/bin/../lib/gcc/avr/15.1.0/avr5\libgcc.a(_umulhisi3.o)
 .text          0x00000000        0x0 C:/microchip_avr_gcc_toolchain/avr8-gnu-toolchain-win32_x86_64/bin/../lib/gcc/avr/15.1.0/avr5\libgcc.a(_udivmodqi4.o)
 .data          0x00000000        0x0 C:/microchip_avr_gcc_toolchain/avr8-gnu-toolchain-win32_x86_64/bin/../lib/gcc/avr/15.1.0/avr5\libgcc.a(_udivmodqi4.o)
 .bss           0x00000000        0x0 C:/microchip_avr_gcc_toolchain/avr8-gnu-toolchain-win32_x86_64/bin/../lib/gcc/avr/15.1.0/avr5\libgcc.a(_udivmodqi4.o)
 .text.libgcc.mul
                0x00000000        0x0 C:/microchip_avr_gcc_toolchain/avr8-gnu-toolchain-win32_x86_64/bin/../lib/gcc/avr/15.1.0/avr5\libgcc.a(_udivmodqi4.o)
 .text.libgcc   0x00000000        0x0 C:/microchip_avr_gcc_toolchain/avr8-gnu-toolchain-win32_x86_64/bin/../lib/gcc/avr/15.1.0/avr5\libgcc.a(_udivmodqi4.o)
 .text.libgcc.prologue
                0x00000000        0x0 C:/microchip_avr_gcc_toolchain/avr8-gnu-toolchain-win32_x86_64/bin/../lib/gcc/avr/15.1.0/avr5\libgcc.a(_udivmodqi4.o)
 .text.libgcc.builtins
                0x00000000        0x0 C:/microchip_avr_gcc_toolchain/avr8-gnu-toolchain-win32_x86_64/bin/../lib/gcc/avr/15.1.0/avr5\libgcc.a(_udivmodqi4.o)
 .text.libgcc.fmul
                0x00000000        0x0 C:/microchip_avr_gcc_toolchain/avr8-gnu-toolchain-win32_x86_64/bin/../lib/gcc/avr/15.1.0/avr5\libgcc.a(_udivmodqi4.o)
 .text.libgcc.fixed
                0x00000000        0x0 C:/microchip_avr_gcc_toolchain/avr8-gnu-toolchain-win32_x86_64/bin/../lib/gcc/avr/15.1.0/avr5\libgcc.a(_udivmodqi4.o)
 .text          0x00000000        0x0 C:/microchip_avr_gcc_toolchain/avr8-gnu-toolchain-win32_x86_64/bin/../lib/gcc/avr/15.1.0/avr5\libgcc.a(_udivmodsi4.o)
 .data          0x00000000        0x0 C:/microchip_avr_gcc_toolchain/avr8-gnu-toolchain-win32_x86_64/bin/../lib/gcc/avr/15.1.0/avr5\libgcc.a(_udivmodsi4.o)
 .bss           0x00000000        0x0 C:/microchip_avr_gcc_toolchain/avr8-gnu-toolchain-win32_x86_64/bin/../lib/gcc/avr/15.1.0/avr5\libgcc.a(_udivmodsi4.o)
 .text.libgcc.mul
                0x00000000        0x0 C:/microchip_avr_gcc_toolchain/avr8-gnu-toolchain-win32_x86_64/bin/../lib/gcc/avr/15.1.0/avr5\libgcc.a(_udivmodsi4.o)
 .text.libgcc   0x00000000        0x0 C:/microchip_avr_gcc_toolchain/avr8-gnu-toolchain-win32_x86_64/bin/../lib/gcc/avr/15.1.0/avr5\libgcc.a(_udivmodsi4.o)
 .text.libgcc.prologue
                0x00000000        0x0 C:/microchip_avr_gcc_toolchain/avr8-gnu-toolchain-win32_x86_64/bin/../lib/gcc/avr/15.1.0/avr5\libgcc.a(_udivmodsi4.o)
 .text.libgcc.builtins
                0x00000000        0x0 C:/microchip_avr_gcc_toolchain/avr8-gnu-toolchain-win32_x86_64/bin/../lib/gcc/avr/15.1.0/avr5\libgcc.a(_udivmodsi4.o)
 .text.libgcc.fmul
                0x00000000        0x0 C:/microchip_avr_gcc_toolchain/avr8-gnu-toolchain-win32_x86_64/bin/../lib/gcc/avr/15.1.0/avr5\libgcc.a(_udivmodsi4.o)
 .text.libgcc.fixed
                0x00000000        0x0 C:/microchip_avr_gcc_toolchain/avr8-gnu-toolchain-win32_x86_64/bin/../lib/gcc/avr/15.1.0/avr5\libgcc.a(_udivmodsi4.o)
 .text          0x00000000        0x0 C:/microchip_avr_gcc_toolchain/avr8-gnu-toolchain-win32_x86_64/bin/../lib/gcc/avr/15.1.0/avr5\libgcc.a(_exit.o)
 .data          0x00000000        0x0 C:/microchip_avr_gcc_toolchain/avr8-gnu-toolchain-win32_x86_64/bin/../lib/gcc/avr/15.1.0/avr5\libgcc.a(_exit.o)
 .bss           0x00000000        0x0 C:/microchip_avr_gcc_toolchain/avr8-gnu-toolchain-win32_x86_64/bin/../lib/gcc/avr/15.1.0/avr5\libgcc.a(_exit.o)
 .text.libgcc.mul
                0x00000000        0x0 C:/microchip_avr_gcc_toolchain/avr8-gnu-toolchain-win32_x86_64/bin/../lib/gcc/avr/15.1.0/avr5\libgcc.a(_exit.o)
 .text.libgcc.div
                0x00000000        0x0 C:/microchip_avr_gcc_toolchain/avr8-gnu-toolchain-win32_x86_64/bin/../lib/gcc/avr/15.1.0/avr5\libgcc.a(_exit.o)
 .text.libgcc   0x00000000        0x0 C:/microchip_avr_gcc_toolchain/avr8-gnu-toolchain-win32_x86_64/bin/../lib/gcc/avr/15.1.0/avr5\libgcc.a(_exit.o)
 .text.libgcc.prologue
                0x00000000        0x0 C:/microchip_avr_gcc_toolchain/avr8-gnu-toolchain-win32_x86_64/bin/../lib/gcc/avr/15.1.0/avr5\libgcc.a(_exit.o)
 .text.libgcc.builtins
                0x00000000        0x0 C:/microchip_avr_gcc_toolchain/avr8-gnu-toolchain-win32_x86_64/bin/../lib/gcc/avr/15.1.0/avr5\libgcc.a(_exit.o)
 .text.libgcc.fmul
                0x00000000        0x0 C:/microchip_avr_gcc_toolchain/avr8-gnu-toolchain-win32_x86_64/bin/../lib/gcc/avr/15.1.0/avr5\libgcc.a(_exit.o)
 .text.libgcc.fixed
                0x00000000        0x0 C:/microchip_avr_gcc_toolchain/avr8-gnu-toolchain-win32_x86_64/bin/../lib/gcc/avr/15.1.0/avr5\libgcc.a(_exit.o)
 .text          0x00000000        0x0 C:/microchip_avr_gcc_toolchain/avr8-gnu-toolchain-win32_x86_64/bin/../lib/gcc/avr/15.1.0/avr5\libgcc.a(_tablejump2.o)
 .data          0x00000000        0x0 C:/microchip_avr_gcc_toolchain/avr8-gnu-toolchain-win32_x86_64/bin/../lib/gcc/avr/15.1.0/avr5\libgcc.a(_tablejump2.o)
 .bss           0x00000000        0x0 C:/microchip_avr_gcc_toolchain/avr8-gnu-toolchain-win32_x86_64/bin/../lib/gcc/avr/15.1.0/avr5\libgcc.a(_tablejump2.o)
 .text.libgcc.mul
                0x00000000        0x0 C:/microchip_avr_gcc_toolchain/avr8-gnu-toolchain-win32_x86_64/bin/../lib/gcc/avr/15.1.0/avr5\libgcc.a(_tablejump2.o)
 .text.libgcc.div
                0x00000000        0x0 C:/microchip_avr_gcc_toolchain/avr8-gnu-toolchain-win32_x86_64/bin/../lib/gcc/avr/15.1.0/avr5\libgcc.a(_tablejump2.o)
 .text.libgcc.prologue
                0x00000000        0x0 C:/microchip_avr_gcc_toolchain/avr8-gnu-toolchain-win32_x86_64/bin/../lib/gcc/avr/15.1.0/avr5\libgcc.a(_tablejump2.o)
 .text.libgcc.builtins
                0x00000000        0x0 C:/microchip_avr_gcc_toolchain/avr8-gnu-toolchain-win32_x86_64/bin/../lib/gcc/avr/15.1.0/avr5\libgcc.a(_tablejump2.o)
 .text.libgcc.fmul
                0x00000000        0x0 C:/microchip_avr_gcc_toolchain/avr8-gnu-toolchain-win32_x86_64/bin/../lib/gcc/avr/15.1.0/avr5\libgcc.a(_tablejump2.o)
 .text.libgcc.fixed
                0x00000000        0x0 C:/microchip_avr_gcc_toolchain/avr8-gnu-toolchain-win32_x86_64/bin/../lib/gcc/avr/15.1.0/avr5\libgcc.a(_tablejump2.o)
 .text          0x00000000        0x0 C:/microchip_avr_gcc_toolchain/avr8-gnu-toolchain-win32_x86_64/bin/../lib/gcc/avr/15.1.0/avr5\libgcc.a(_copy_data.o)
 .data          0x00000000        0x0 C:/microchip_avr_gcc_toolchain/avr8-gnu-toolchain-win32_x86_64/bin/../lib/gcc/avr/15.1.0/avr5\libgcc.a(_copy_data.o)
 .bss           0x00000000        0x0 C:/microchip_avr_gcc_toolchain/avr8-gnu-toolchain-win32_x86_64/bin/../lib/gcc/avr/15.1.0/avr5\libgcc.a(_copy_data.o)
 .text.libgcc.mul
                0x00000000        0x0 C:/microchip_avr_gcc_toolchain/avr8-gnu-toolchain-win32_x86_64/bin/../lib/gcc/avr/15.1.0/avr5\libgcc.a(_copy_data.o)
 .text.libgcc.div
                0x00000000        0x0 C:/microchip_avr_gcc_toolchain/avr8-gnu-toolchain-win32_x86_64/bin/../lib/gcc/avr/15.1.0/avr5\libgcc.a(_copy_data.o)
 .text.libgcc   0x00000000        0x0 C:/microchip_avr_gcc_toolchain/avr8-gnu-toolchain-win32_x86_64/bin/../lib/gcc/avr/15.1.0/avr5\libgcc.a(_copy_data.o)
 .text.libgcc.prologue
                0x00000000        0x0 C:/microchip_avr_gcc_toolchain/avr8-gnu-toolchain-win32_x86_64/bin/../lib/gcc/avr/15.1.0/avr5\libgcc.a(_copy_data.o)
 .text.libgcc.builtins
                0x00000000        0x0 C:/microchip_avr_gcc_toolchain/avr8-gnu-toolchain-win32_x86_64/bin/../lib/gcc/avr/15.1.0/avr5\libgcc.a(_copy_data.o)
 .text.libgcc.fmul
                0x00000000        0x0 C:/microchip_avr_gcc_toolchain/avr8-gnu-toolchain-win32_x86_64/bin/../lib/gcc/avr/15.1.0/avr5\libgcc.a(_copy_data.o)
 .text.libgcc.fixed
                0x00000000        0x0 C:/microchip_avr_gcc_toolchain/avr8-gnu-toolchain-win32_x86_64/bin/../lib/gcc/avr/15.1.0/avr5\libgcc.a(_copy_data.o)
 .text          0x00000000        0x0 C:/microchip_avr_gcc_toolchain/avr8-gnu-toolchain-win32_x86_64/bin/../lib/gcc/avr/15.1.0/avr5\libgcc.a(_clear_bss.o)
 .data          0x00000000        0x0 C:/microchip_avr_gcc_toolchain/avr8-gnu-toolchain-win32_x86_64/bin/../lib/gcc/avr/15.1.0/avr5\libgcc.a(_clear_bss.o)
 .bss           0x00000000        0x0 C:/microchip_avr_gcc_toolchain/avr8-gnu-toolchain-win32_x86_64/bin/../lib/gcc/avr/15.1.0/avr5\libgcc.a(_clear_bss.o)
 .text.libgcc.mul
                0x00000000        0x0 C:/microchip_avr_gcc_toolchain/avr8-gnu-toolchain-win32_x86_64/bin/../lib/gcc/avr/15.1.0/avr5\libgcc.a(_clear_bss.o)
 .text.libgcc.div
                0x00000000        0x0 C:/microchip_avr_gcc_toolchain/avr8-gnu-toolchain-win32_x86_64/bin/../lib/gcc/avr/15.1.0/avr5\libgcc.a(_clear_bss.o)
 .text.libgcc   0x00000000        0x0 C:/microchip_avr_gcc_toolchain/avr8-gnu-toolchain-win32_x86_64/bin/../lib/gcc/avr/15.1.0/avr5\libgcc.a(_clear_bss.o)
 .text.libgcc.prologue
                0x00000000        0x0 C:/microchip_avr_gcc_toolchain/avr8-gnu-toolchain-win32_x86_64/bin/../lib/gcc/avr/15.1.0/avr5\libgcc.a(_clear_bss.o)
 .text.libgcc.builtins
                0x00000000        0x0 C:/microchip_avr_gcc_toolchain/avr8-gnu-toolchain-win32_x86_64/bin/../lib/gcc/avr/15.1.0/avr5\libgcc.a(_clear_bss.o)
 .text.libgcc.fmul
                0x00000000        0x0 C:/microchip_avr_gcc_toolchain/avr8-gnu-toolchain-win32_x86_64/bin/../lib/gcc/avr/15.1.0/avr5\libgcc.a(_clear_bss.o)
 .text.libgcc.fixed
                0x00000000        0x0 C:/microchip_avr_gcc_toolchain/avr8-gnu-toolchain-win32_x86_64/bin/../lib/gcc/avr/15.1.0/avr5\libgcc.a(_clear_bss.o)
 .text          0x00000000        0x0 C:/microchip_avr_gcc_toolchain/avr8-gnu-toolchain-win32_x86_64/bin/../lib/gcc/avr/15.1.0/../../../../avr/lib/avr5\libatmega328p.a(eerd_byte.o)
 .data          0x00000000        0x0 C:/microchip_avr_gcc_toolchain/avr8-gnu-toolchain-win32_x86_64/bin/../lib/gcc/avr/15.1.0/../../../../avr/lib/avr5\libatmega328p.a(eerd_byte.o)
 .bss           0x00000000        0x0 C:/microchip_avr_gcc_toolchain/avr8-gnu-toolchain-win32_x86_64/bin/../lib/gcc/avr/15.1.0/../../../../avr/lib/avr5\libatmega328p.a(eerd_byte.o)
 .text          0x00000000        0x0 C:/microchip_avr_gcc_toolchain/avr8-gnu-toolchain-win32_x86_64/bin/../lib/gcc/avr/15.1.0/../../../../avr/lib/avr5\libatmega328p.a(eerd_word.o)
 .data          0x00000000        0x0 C:/microchip_avr_gcc_toolchain/avr8-gnu-toolchain-win32_x86_64/bin/../lib/gcc/avr/15.1.0/../../../../avr/lib/avr5\libatmega328p.a(eerd_word.o)
 .bss           0x00000000        0x0 C:/microchip_avr_gcc_toolchain/avr8-gnu-toolchain-win32_x86_64/bin/../lib/gcc/avr/15.1.0/../../../../avr/lib/avr5\libatmega328p.a(eerd_word.o)
 .text          0x00000000        0x0 C:/microchip_avr_gcc_toolchain/avr8-gnu-toolchain-win32_x86_64/bin/../lib/gcc/avr/15.1.0/../../../../avr/lib/avr5\libatmega328p.a(eeupd_byte.o)
 .data          0x00000000        0x0 C:/microchip_avr_gcc_toolchain/avr8-gnu-toolchain-win32_x86_64/bin/../lib/gcc/avr/15.1.0/../../../../avr/lib/avr5\libatmega328p.a(eeupd_byte.o)
 .bss           0x00000000        0x0 C:/microchip_avr_gcc_toolchain/avr8-gnu-toolchain-win32_x86_64/bin/../lib/gcc/avr/15.1.0/../../../../avr/lib/avr5\libatmega328p.a(eeupd_byte.o)
 .text          0x00000000        0x0 C:/microchip_avr_gcc_toolchain/avr8-gnu-toolchain-win32_x86_64/bin/../lib/gcc/avr/15.1.0/../../../../avr/lib/avr5\libatmega328p.a(eeupd_word.o)
 .data          0x00000000        0x0 C:/microchip_avr_gcc_toolchain/avr8-gnu-toolchain-win32_x86_64/bin/../lib/gcc/avr/15.1.0/../../../../avr/lib/avr5\libatmega328p.a(eeupd_word.o)
 .bss           0x00000000        0x0 C:/microchip_avr_gcc_toolchain/avr8-gnu-toolchain-win32_x86_64/bin/../lib/gcc/avr/15.1.0/../../../../avr/lib/avr5\libatmega328p.a(eeupd_word.o)
 .text          0x00000000        0x0 C:/microchip_avr_gcc_toolchain/avr8-gnu-toolchain-win32_x86_64/bin/../lib/gcc/avr/15.1.0/../../../../avr/lib/avr5\libatmega328p.a(eerd_block.o)
 .data          0x00000000        0x0 C:/microchip_avr_gcc_toolchain/avr8-gnu-toolchain-win32_x86_64/bin/../lib/gcc/avr/15.1.0/../../../../avr/lib/avr5\libatmega328p.a(eerd_block.o)
 .bss           0x00000000        0x0 C:/microchip_avr_gcc_toolchain/avr8-gnu-toolchain-win32_x86_64/bin/../lib/gcc/avr/15.1.0/../../../../avr/lib/avr5\libatmega328p.a(eerd_block.o)

Memory Configuration

Name             Origin             Length             Attributes
text             0x00000000         0x00008000         xr
data             0x00800100         0x00000800         rw!x
eeprom           0x00810000         0x00000400         rw!x
fuse             0x00820000         0x00000003         rw!x
lock             0x00830000         0x00000400         rw!x
signature        0x00840000         0x00000400         rw!x
user_signatures  0x00850000         0x00000400         rw!x
*default*        0x00000000         0xffffffff

Linker script and memory map

Address of section .data set to 0x800100
LOAD C:/microchip_avr_gcc_toolchain/avr8-gnu-toolchain-win32_x86_64/bin/../lib/gcc/avr/15.1.0/../../../../avr/lib/avr5/crtatmega328p.o
LOAD src/anvil.o
LOAD src/buzzer.o
LOAD src/keypad.o
LOAD src/leds.o
LOAD src/main.o
LOAD src/storage.o
LOAD src/sys_tick.o
LOAD src/ui.o
LOAD ../../lcd/lcd_driver/lcd_driver.o
START GROUP
LOAD C:/microchip_avr_gcc_toolchain/avr8-gnu-toolchain-win32_x86_64/bin/../lib/gcc/avr/15.1.0/avr5\libgcc.a
LOAD C:/microchip_avr_gcc_toolchain/avr8-gnu-toolchain-win32_x86_64/bin/../lib/gcc/avr/15.1.0/../../../../avr/lib/avr5\libm.a
LOAD C:/microchip_avr_gcc_toolchain/avr8-gnu-toolchain-win32_x86_64/bin/../lib/gcc/avr/15.1.0/../../../../avr/lib/avr5\libc.a
LOAD C:/microchip_avr_gcc_toolchain/avr8-gnu-toolchain-win32_x86_64/bin/../lib/gcc/avr/15.1.0/../../../../avr/lib/avr5\libatmega328p.a
END GROUP
                [0x00000000]                      __TEXT_REGION_ORIGIN__ = DEFINED (__TEXT_REGION_ORIGIN__)?__TEXT_REGION_ORIGIN__:0x0
                [0x00008000]                      __TEXT_REGION_LENGTH__ = DEFINED (__TEXT_REGION_LENGTH__)?__TEXT_REGION_LENGTH__:0x20000
                [0x00800100]                      __DATA_REGION_ORIGIN__ = DEFINED (__DATA_REGION_ORIGIN__)?__DATA_REGION_ORIGIN__:0x800060
                [0x00000800]                      __DATA_REGION_LENGTH__ = DEFINED (__DATA_REGION_LENGTH__)?__DATA_REGION_LENGTH__:0xffa0
                [0x00000400]                      __EEPROM_REGION_LENGTH__ = DEFINED (__EEPROM_REGION_LENGTH__)?__EEPROM_REGION_LENGTH__:0x10000
                [0x00000003]                      __FUSE_REGION_LENGTH__ = DEFINED (__FUSE_REGION_LENGTH__)?__FUSE_REGION_LENGTH__:0x400
                0x00000400                        __LOCK_REGION_LENGTH__ = DEFINED (__LOCK_REGION_LENGTH__)?__LOCK_REGION_LENGTH__:0x400
                0x00000400                        __SIGNATURE_REGION_LENGTH__ = DEFINED (__SIGNATURE_REGION_LENGTH__)?__SIGNATURE_REGION_LENGTH__:0x400
                0x00000400                        __USER_SIGNATURE_REGION_LENGTH__ = DEFINED (__USER_SIGNATURE_REGION_LENGTH__)?__USER_SIGNATURE_REGION_LENGTH__:0x400

.hash
 *(.hash)

.dynsym
 *(.dynsym)

.dynstr
 *(.dynstr)

.gnu.version
 *(.gnu.version)

.gnu.version_d
 *(.gnu.version_d)

.gnu.version_r
 *(.gnu.version_r)

.rel.init
 *(.rel.init)

.rela.init
 *(.rela.init)

.rel.text
 *(.rel.text)
 *(.rel.text.*)
 *(.rel.gnu.linkonce.t*)

.rela.text
 *(.rela.text)
 *(.rela.text.*)
 *(.rela.gnu.linkonce.t*)

.rel.fini
 *(.rel.fini)

.rela.fini
 *(.rela.fini)

.rel.rodata
 *(.rel.rodata)
 *(.rel.rodata.*)
 *(.rel.gnu.linkonce.r*)

.rela.rodata
 *(.rela.rodata)
 *(.rela.rodata.*)
 *(.rela.gnu.linkonce.r*)

.rel.data
 *(.rel.data)
 *(.rel.data.*)
 *(.rel.gnu.linkonce.d*)

.rela.data
 *(.rela.data)
 *(.rela.data.*)
 *(.rela.gnu.linkonce.d*)

.rel.ctors
 *(.rel.ctors)

.rela.ctors
 *(.rela.ctors)

.rel.dtors
 *(.rel.dtors)

.rela.dtors
 *(.rela.dtors)

.rel.got
 *(.rel.got)

.rela.got
 *(.rela.got)

.rel.bss
 *(.rel.bss)

.rela.bss
 *(.rela.bss)

.rel.plt
 *(.rel.plt)

.rela.plt
 *(.rela.plt)

.text           0x00000000     0x13e4
 *(.vectors)
 .vectors       0x00000000       0x68 C:/microchip_avr_gcc_toolchain/avr8-gnu-toolchain-win32_x86_64/bin/../lib/gcc/avr/15.1.0/../../../../avr/lib/avr5/crtatmega328p.o
                0x00000000                __vector_default
                0x00000000                __vectors
 *(.vectors)
 *(.progmem.gcc*)
                0x00000068                        . = ALIGN (0x2)
                0x00000068                        __trampolines_start = .
 *(.trampolines)
 .trampolines   0x00000068        0x0 linker stubs
 *(.trampolines*)
                0x00000068                        __trampolines_end = .
 *libprintf_flt.a:*(.progmem.data)
 *libc.a:*(.progmem.data)
 *(.progmem.*)
 .progmem.data.SFX_CHANGE_OK
                0x00000068       0x14 src/buzzer.o
                0x00000068                SFX_CHANGE_OK
 .progmem.data.SFX_LOCKOUT_TICK
                0x0000007c        0x4 src/buzzer.o
                0x0000007c                SFX_LOCKOUT_TICK
 .progmem.data.SFX_FAIL
                0x00000080        0x4 src/buzzer.o
                0x00000080                SFX_FAIL
 .progmem.data.SFX_SUCCESS
                0x00000084        0xc src/buzzer.o
                0x00000084                SFX_SUCCESS
 .progmem.data.SFX_KEY_TAP
                0x00000090        0x4 src/buzzer.o
                0x00000090                SFX_KEY_TAP
                0x00000094                        . = ALIGN (0x2)
 *(.lowtext)
 *(.lowtext*)
                0x00000094                        __ctors_start = .
 *(.ctors)
                0x00000094                        __ctors_end = .
                0x00000094                        __dtors_start = .
 *(.dtors)
                0x00000094                        __dtors_end = .
 SORT_BY_NAME(*)(.ctors)
 SORT_BY_NAME(*)(.dtors)
 *(.init0)
 .init0         0x00000094        0x0 C:/microchip_avr_gcc_toolchain/avr8-gnu-toolchain-win32_x86_64/bin/../lib/gcc/avr/15.1.0/../../../../avr/lib/avr5/crtatmega328p.o
                0x00000094                __init
 *(.init0)
 *(.init1)
 *(.init1)
 *(.init2)
 .init2         0x00000094        0xc C:/microchip_avr_gcc_toolchain/avr8-gnu-toolchain-win32_x86_64/bin/../lib/gcc/avr/15.1.0/../../../../avr/lib/avr5/crtatmega328p.o
 *(.init2)
 *(.init3)
 *(.init3)
 *(.init4)
 .init4         0x000000a0       0x16 C:/microchip_avr_gcc_toolchain/avr8-gnu-toolchain-win32_x86_64/bin/../lib/gcc/avr/15.1.0/avr5\libgcc.a(_copy_data.o)
                0x000000a0                __do_copy_data
 .init4         0x000000b6       0x10 C:/microchip_avr_gcc_toolchain/avr8-gnu-toolchain-win32_x86_64/bin/../lib/gcc/avr/15.1.0/avr5\libgcc.a(_clear_bss.o)
                0x000000b6                __do_clear_bss
 *(.init4)
 *(.init5)
 *(.init5)
 *(.init6)
 *(.init6)
 *(.init7)
 *(.init7)
 *(.init8)
 *(.init8)
 *(.init9)
 .init9         0x000000c6        0x8 C:/microchip_avr_gcc_toolchain/avr8-gnu-toolchain-win32_x86_64/bin/../lib/gcc/avr/15.1.0/../../../../avr/lib/avr5/crtatmega328p.o
 *(.init9)
 *(.text)
 .text          0x000000ce        0x4 C:/microchip_avr_gcc_toolchain/avr8-gnu-toolchain-win32_x86_64/bin/../lib/gcc/avr/15.1.0/../../../../avr/lib/avr5/crtatmega328p.o
                0x000000ce                __vector_22
                0x000000ce                __vector_1
                0x000000ce                __vector_24
                0x000000ce                __vector_12
                0x000000ce                __bad_interrupt
                0x000000ce                __vector_6
                0x000000ce                __vector_3
                0x000000ce                __vector_23
                0x000000ce                __vector_25
                0x000000ce                __vector_11
                0x000000ce                __vector_13
                0x000000ce                __vector_17
                0x000000ce                __vector_19
                0x000000ce                __vector_7
                0x000000ce                __vector_5
                0x000000ce                __vector_4
                0x000000ce                __vector_9
                0x000000ce                __vector_2
                0x000000ce                __vector_21
                0x000000ce                __vector_15
                0x000000ce                __vector_8
                0x000000ce                __vector_10
                0x000000ce                __vector_16
                0x000000ce                __vector_18
                0x000000ce                __vector_20
                0x000000d2                        . = ALIGN (0x2)
 *(.text.*)
 .text.clear_entry
                0x000000d2       0x30 src/anvil.o
 .text.refresh_entry_display
                0x00000102       0xaa src/anvil.o
 .text.service_reveal_expiry
                0x000001ac       0x30 src/anvil.o
 .text.anvil_enter
                0x000001dc       0xf8 src/anvil.o
                0x000001dc                anvil_enter
 .text.process_entry_key
                0x000002d4      0x16a src/anvil.o
 .text.anvil_tick
                0x0000043e      0x25a src/anvil.o
                0x0000043e                anvil_tick
 .text.buzzer_off
                0x00000698       0x14 src/buzzer.o
                0x00000698                buzzer_off
 .text.start_tone_hw
                0x000006ac       0xf4 src/buzzer.o
 .text.play_note_at
                0x000007a0       0x26 src/buzzer.o
 .text.buzzer_play
                0x000007c6       0x22 src/buzzer.o
                0x000007c6                buzzer_play
 .text.buzzer_service
                0x000007e8       0x42 src/buzzer.o
                0x000007e8                buzzer_service
 .text.keypad_init
                0x0000082a       0x44 src/keypad.o
                0x0000082a                keypad_init
 .text.keypad_service
                0x0000086e      0x162 src/keypad.o
                0x0000086e                keypad_service
 .text.keypad_consume_event
                0x000009d0       0x12 src/keypad.o
                0x000009d0                keypad_consume_event
 .text.leds_init
                0x000009e2        0xa src/leds.o
                0x000009e2                leds_init
 .text.leds_green
                0x000009ec       0x10 src/leds.o
                0x000009ec                leds_green
 .text.leds_red
                0x000009fc       0x14 src/leds.o
                0x000009fc                leds_red
 .text.leds_red_blink
                0x00000a10       0x36 src/leds.o
                0x00000a10                leds_red_blink
 .text.leds_pulse_green
                0x00000a46       0x40 src/leds.o
                0x00000a46                leds_pulse_green
 .text.leds_pulse_red
                0x00000a86       0x44 src/leds.o
                0x00000a86                leds_pulse_red
 .text.leds_service
                0x00000aca       0x88 src/leds.o
                0x00000aca                leds_service
 .text.startup.main
                0x00000b52       0x32 src/main.o
                0x00000b52                main
 .text.storage_init
                0x00000b84       0x48 src/storage.o
                0x00000b84                storage_init
 .text.storage_check_pin
                0x00000bcc       0x54 src/storage.o
                0x00000bcc                storage_check_pin
 .text.storage_set_pin
                0x00000c20       0x3a src/storage.o
                0x00000c20                storage_set_pin
 .text.sys_tick_init
                0x00000c5a       0x12 src/sys_tick.o
                0x00000c5a                sys_tick_init
 .text.__vector_14
                0x00000c6c       0x46 src/sys_tick.o
                0x00000c6c                __vector_14
 .text.sys_millis
                0x00000cb2       0x18 src/sys_tick.o
                0x00000cb2                sys_millis
 .text.sys_elapsed
                0x00000cca       0x62 src/sys_tick.o
                0x00000cca                sys_elapsed
 .text.ui_write_padded
                0x00000d2c       0x60 src/ui.o
 .text.ui_load_glyphs
                0x00000d8c        0xa src/ui.o
                0x00000d8c                ui_load_glyphs
 .text.ui_show_splash
                0x00000d96       0x30 src/ui.o
                0x00000d96                ui_show_splash
 .text.ui_show_entry
                0x00000dc6       0x96 src/ui.o
                0x00000dc6                ui_show_entry
 .text.ui_show_unlocked
                0x00000e5c       0x98 src/ui.o
                0x00000e5c                ui_show_unlocked
 .text.ui_show_wrong
                0x00000ef4       0x88 src/ui.o
                0x00000ef4                ui_show_wrong
 .text.ui_show_lockout
                0x00000f7c       0x98 src/ui.o
                0x00000f7c                ui_show_lockout
 .text.ui_show_change_ok
                0x00001014       0x22 src/ui.o
                0x00001014                ui_show_change_ok
 .text.ui_show_change_fail
                0x00001036       0x22 src/ui.o
                0x00001036                ui_show_change_fail
 .text.ui_screensaver
                0x00001058        0xe src/ui.o
                0x00001058                ui_screensaver
 .text.lcd_pulse_enable
                0x00001066       0x16 ../../lcd/lcd_driver/lcd_driver.o
 .text.lcd_write_nibble_raw
                0x0000107c       0x14 ../../lcd/lcd_driver/lcd_driver.o
 .text.lcd_wait_busy
                0x00001090       0x58 ../../lcd/lcd_driver/lcd_driver.o
 .text.Lcd_WriteCommand
                0x000010e8       0x48 ../../lcd/lcd_driver/lcd_driver.o
                0x000010e8                Lcd_WriteCommand
 .text.Lcd_Clear
                0x00001130       0x18 ../../lcd/lcd_driver/lcd_driver.o
                0x00001130                Lcd_Clear
 .text.Lcd_Init
                0x00001148       0xa2 ../../lcd/lcd_driver/lcd_driver.o
                0x00001148                Lcd_Init
 .text.Lcd_SetCursor
                0x000011ea       0x1e ../../lcd/lcd_driver/lcd_driver.o
                0x000011ea                Lcd_SetCursor
 .text.Lcd_DisplayControl
                0x00001208       0x16 ../../lcd/lcd_driver/lcd_driver.o
                0x00001208                Lcd_DisplayControl
 .text.Lcd_WriteData
                0x0000121e       0x4a ../../lcd/lcd_driver/lcd_driver.o
                0x0000121e                Lcd_WriteData
 .text.Lcd_WriteChar
                0x00001268        0x4 ../../lcd/lcd_driver/lcd_driver.o
                0x00001268                Lcd_WriteChar
 .text.Lcd_WriteCustomChar
                0x0000126c       0x56 ../../lcd/lcd_driver/lcd_driver.o
                0x0000126c                Lcd_WriteCustomChar
 .text.libgcc.mul
                0x000012c2       0x1e C:/microchip_avr_gcc_toolchain/avr8-gnu-toolchain-win32_x86_64/bin/../lib/gcc/avr/15.1.0/avr5\libgcc.a(_umulhisi3.o)
                0x000012c2                __umulhisi3
 .text.libgcc.div
                0x000012e0       0x18 C:/microchip_avr_gcc_toolchain/avr8-gnu-toolchain-win32_x86_64/bin/../lib/gcc/avr/15.1.0/avr5\libgcc.a(_udivmodqi4.o)
                0x000012e0                __udivmodqi4
 .text.libgcc.div
                0x000012f8       0x44 C:/microchip_avr_gcc_toolchain/avr8-gnu-toolchain-win32_x86_64/bin/../lib/gcc/avr/15.1.0/avr5\libgcc.a(_udivmodsi4.o)
                0x000012f8                __udivmodsi4
 .text.libgcc   0x0000133c        0xc C:/microchip_avr_gcc_toolchain/avr8-gnu-toolchain-win32_x86_64/bin/../lib/gcc/avr/15.1.0/avr5\libgcc.a(_tablejump2.o)
                0x0000133c                __tablejump2__
 .text.avr-libc
                0x00001348       0x10 C:/microchip_avr_gcc_toolchain/avr8-gnu-toolchain-win32_x86_64/bin/../lib/gcc/avr/15.1.0/../../../../avr/lib/avr5\libatmega328p.a(eerd_byte.o)
                0x00001348                eeprom_read_byte
 .text.avr-libc
                0x00001358        0xc C:/microchip_avr_gcc_toolchain/avr8-gnu-toolchain-win32_x86_64/bin/../lib/gcc/avr/15.1.0/../../../../avr/lib/avr5\libatmega328p.a(eerd_word.o)
                0x00001358                eeprom_read_word
 .text.avr-libc
                0x00001364       0x24 C:/microchip_avr_gcc_toolchain/avr8-gnu-toolchain-win32_x86_64/bin/../lib/gcc/avr/15.1.0/../../../../avr/lib/avr5\libatmega328p.a(eeupd_byte.o)
                0x00001364                eeprom_update_byte
                0x00001366                eeprom_update_r18
 .text.avr-libc
                0x00001388        0xc C:/microchip_avr_gcc_toolchain/avr8-gnu-toolchain-win32_x86_64/bin/../lib/gcc/avr/15.1.0/../../../../avr/lib/avr5\libatmega328p.a(eeupd_word.o)
                0x00001388                eeprom_update_word
 .text.avr-libc
                0x00001394       0x20 C:/microchip_avr_gcc_toolchain/avr8-gnu-toolchain-win32_x86_64/bin/../lib/gcc/avr/15.1.0/../../../../avr/lib/avr5\libatmega328p.a(eerd_block.o)
                0x00001394                eeprom_read_block
                0x00001398                eeprom_read_blraw
                0x000013b4                        . = ALIGN (0x2)
 *(.fini9)
 .fini9         0x000013b4        0x0 C:/microchip_avr_gcc_toolchain/avr8-gnu-toolchain-win32_x86_64/bin/../lib/gcc/avr/15.1.0/avr5\libgcc.a(_exit.o)
                0x000013b4                _exit
                0x000013b4                exit
 *(.fini9)
 *(.fini8)
 *(.fini8)
 *(.fini7)
 *(.fini7)
 *(.fini6)
 *(.fini6)
 *(.fini5)
 *(.fini5)
 *(.fini4)
 *(.fini4)
 *(.fini3)
 *(.fini3)
 *(.fini2)
 *(.fini2)
 *(.fini1)
 *(.fini1)
 *(.fini0)
 .fini0         0x000013b4        0x4 C:/microchip_avr_gcc_toolchain/avr8-gnu-toolchain-win32_x86_64/bin/../lib/gcc/avr/15.1.0/avr5\libgcc.a(_exit.o)
 *(.fini0)
 *(.hightext)
 *(.hightext*)
 *(.progmemx.*)
                0x000013b8                        . = ALIGN (0x2)
 *(.jumptables)
 *(.jumptables*)
 .jumptables.gcc.anvil_enter
                0x000013b8       0x16 src/anvil.o
 .jumptables.gcc.anvil_tick
                0x000013ce       0x16 src/anvil.o
                0x000013e4                        _etext = .

.data           0x00800100       0xe0 load address 0x000013e4
                0x00800100                        PROVIDE (__data_start = .)
 *(.data)
 *(.data*)
 .data.s_entry_prompt
                0x00800100        0x2 src/anvil.o
 .data.g        0x00800102       0x1b src/anvil.o
 .data.s_confirmed
                0x0080011d        0x1 src/keypad.o
 .data.s_candidate
                0x0080011e        0x1 src/keypad.o
 *(.gnu.linkonce.d*)
 *(.rodata)
 *(.rodata*)
 .rodata.anvil_enter.str1.1
                0x0080011f       0x5d src/anvil.o
                                 0x2e (size before relaxing)
 .rodata.str1.1
                0x0080017c        0x1 src/anvil.o
 .rodata.k_prescalers
                0x0080017c       0x12 src/buzzer.o
 .rodata.k_keymap
                0x0080018e       0x10 src/keypad.o
 .rodata.k_row  0x0080019e       0x14 src/keypad.o
 .rodata.k_default_pin
                0x008001b2        0x4 src/storage.o
 .rodata.ui_show_splash.str1.1
                0x008001b6       0x12 src/ui.o
 .rodata.ui_show_unlocked.str1.1
                0x008001b6        0x9 src/ui.o
 .rodata.ui_show_wrong.str1.1
                0x008001b6        0xa src/ui.o
 .rodata.ui_show_lockout.str1.1
                0x008001b6        0x7 src/ui.o
 .rodata.ui_show_change_ok.str1.1
                0x008001b6        0xd src/ui.o
 .rodata.ui_show_change_fail.str1.1
                0x008001b6        0x9 src/ui.o
 .rodata.label.0
                0x008001b6        0x7 src/ui.o
 .rodata.label.1
                0x008001bd        0xd src/ui.o
 .rodata.label.2
                0x008001ca        0xc src/ui.o
 .rodata.k_lock_glyph
                0x008001d6        0x8 src/ui.o
 .rodata.row_base.0
                0x008001de        0x2 ../../lcd/lcd_driver/lcd_driver.o
 *(.gnu.linkonce.r*)
                0x008001e0                        . = ALIGN (0x2)
                0x008001e0                        _edata = .
                0x008001e0                        PROVIDE (__data_end = .)

.bss            0x008001e0       0x2a
                0x008001e0                        PROVIDE (__bss_start = .)
 *(.bss)
 *(.bss*)
 .bss.s_note_idx
                0x008001e0        0x1 src/buzzer.o
 .bss.s_note_count
                0x008001e1        0x1 src/buzzer.o
 .bss.s_notes   0x008001e2        0x2 src/buzzer.o
 .bss.s_active  0x008001e4        0x1 src/buzzer.o
 .bss.s_stop_at
                0x008001e5        0x4 src/buzzer.o
 .bss.s_pending
                0x008001e9        0x2 src/keypad.o
 .bss.s_long_fired
                0x008001eb        0x1 src/keypad.o
 .bss.s_press_start_ms
                0x008001ec        0x4 src/keypad.o
 .bss.s_candidate_count
                0x008001f0        0x1 src/keypad.o
 .bss.s_scan_anchor
                0x008001f1        0x4 src/keypad.o
 .bss.s_red_pulse_stop_at
                0x008001f5        0x4 src/leds.o
 .bss.s_red_pulse_active
                0x008001f9        0x1 src/leds.o
 .bss.s_green_pulse_stop_at
                0x008001fa        0x4 src/leds.o
 .bss.s_green_pulse_active
                0x008001fe        0x1 src/leds.o
 .bss.s_red_blink_anchor
                0x008001ff        0x4 src/leds.o
 .bss.s_red_blink_period
                0x00800203        0x2 src/leds.o
 .bss.s_red_blink_active
                0x00800205        0x1 src/leds.o
 .bss.g_ms      0x00800206        0x4 src/sys_tick.o
 *(COMMON)
                0x0080020a                        PROVIDE (__bss_end = .)
                0x000013e4                        __data_load_start = LOADADDR (.data)
                0x000014c4                        __data_load_end = (__data_load_start + SIZEOF (.data))

.noinit         0x0080020a        0x0
                [!provide]                        PROVIDE (__noinit_start = .)
 *(.noinit .noinit.* .gnu.linkonce.n.*)
                [!provide]                        PROVIDE (__noinit_end = .)
                0x0080020a                        _end = .
                [!provide]                        PROVIDE (__heap_start = .)
                0x00000000                        __flmap_init_label = DEFINED (__flmap_noinit_start)?__flmap_noinit_start:0x0
                0x00000000                        __flmap = DEFINED (__flmap)?__flmap:0x0

.eeprom         0x00810000        0x6
 *(.eeprom*)
 .eeprom        0x00810000        0x6 src/storage.o
                0x00810006                        __eeprom_end = .

.fuse
 *(.fuse)
 *(.lfuse)
 *(.hfuse)
 *(.efuse)

.lock
 *(.lock*)

.signature
 *(.signature*)

.stab
 *(.stab)

.stabstr
 *(.stabstr)

.stab.excl
 *(.stab.excl)

.stab.exclstr
 *(.stab.exclstr)

.stab.index
 *(.stab.index)

.stab.indexstr
 *(.stab.indexstr)

.comment        0x00000000       0x2f
 *(.comment)
 .comment       0x00000000       0x2f src/anvil.o
                                 0x30 (size before relaxing)
 .comment       0x0000002f       0x30 src/buzzer.o
 .comment       0x0000002f       0x30 src/keypad.o
 .comment       0x0000002f       0x30 src/leds.o
 .comment       0x0000002f       0x30 src/main.o
 .comment       0x0000002f       0x30 src/storage.o
 .comment       0x0000002f       0x30 src/sys_tick.o
 .comment       0x0000002f       0x30 src/ui.o
 .comment       0x0000002f       0x30 ../../lcd/lcd_driver/lcd_driver.o

.note.gnu.avr.deviceinfo
                0x00000000       0x40
 .note.gnu.avr.deviceinfo
                0x00000000       0x40 C:/microchip_avr_gcc_toolchain/avr8-gnu-toolchain-win32_x86_64/bin/../lib/gcc/avr/15.1.0/../../../../avr/lib/avr5/crtatmega328p.o

.gnu.build.attributes
 *(.gnu.build.attributes .gnu.build.attributes.*)

.note.gnu.build-id
 *(.note.gnu.build-id)

.debug
 *(.debug)

.line
 *(.line)

.debug_srcinfo
 *(.debug_srcinfo)

.debug_sfnames
 *(.debug_sfnames)

.debug_aranges  0x00000000      0x2a0
 *(.debug_aranges)
 .debug_aranges
                0x00000000       0x48 src/anvil.o
 .debug_aranges
                0x00000048       0x48 src/buzzer.o
 .debug_aranges
                0x00000090       0x30 src/keypad.o
 .debug_aranges
                0x000000c0       0x50 src/leds.o
 .debug_aranges
                0x00000110       0x20 src/main.o
 .debug_aranges
                0x00000130       0x30 src/storage.o
 .debug_aranges
                0x00000160       0x38 src/sys_tick.o
 .debug_aranges
                0x00000198       0x68 src/ui.o
 .debug_aranges
                0x00000200       0xa0 ../../lcd/lcd_driver/lcd_driver.o

.debug_pubnames
 *(.debug_pubnames)

.debug_info     0x00000000     0x384e
 *(.debug_info .gnu.linkonce.wi.*)
 .debug_info    0x00000000      0x5f4 C:/microchip_avr_gcc_toolchain/avr8-gnu-toolchain-win32_x86_64/bin/../lib/gcc/avr/15.1.0/../../../../avr/lib/avr5/crtatmega328p.o
 .debug_info    0x000005f4      0xa37 src/anvil.o
 .debug_info    0x0000102b      0x51b src/buzzer.o
 .debug_info    0x00001546      0x549 src/keypad.o
 .debug_info    0x00001a8f      0x247 src/leds.o
 .debug_info    0x00001cd6      0x1cb src/main.o
 .debug_info    0x00001ea1      0x29b src/storage.o
 .debug_info    0x0000213c      0x1c0 src/sys_tick.o
 .debug_info    0x000022fc      0x7e4 src/ui.o
 .debug_info    0x00002ae0      0xd6e ../../lcd/lcd_driver/lcd_driver.o

.debug_abbrev   0x00000000     0x17cf
 *(.debug_abbrev)
 .debug_abbrev  0x00000000      0x5a2 C:/microchip_avr_gcc_toolchain/avr8-gnu-toolchain-win32_x86_64/bin/../lib/gcc/avr/15.1.0/../../../../avr/lib/avr5/crtatmega328p.o
 .debug_abbrev  0x000005a2      0x3db src/anvil.o
 .debug_abbrev  0x0000097d      0x24c src/buzzer.o
 .debug_abbrev  0x00000bc9      0x284 src/keypad.o
 .debug_abbrev  0x00000e4d      0x102 src/leds.o
 .debug_abbrev  0x00000f4f       0xd5 src/main.o
 .debug_abbrev  0x00001024      0x181 src/storage.o
 .debug_abbrev  0x000011a5      0x15c src/sys_tick.o
 .debug_abbrev  0x00001301      0x1b6 src/ui.o
 .debug_abbrev  0x000014b7      0x318 ../../lcd/lcd_driver/lcd_driver.o

.debug_line     0x00000000     0x3923
 *(.debug_line .debug_line.* .debug_line_end)
 .debug_line    0x00000000       0x1d C:/microchip_avr_gcc_toolchain/avr8-gnu-toolchain-win32_x86_64/bin/../lib/gcc/avr/15.1.0/../../../../avr/lib/avr5/crtatmega328p.o
 .debug_line    0x0000001d      0xd4e src/anvil.o
 .debug_line    0x00000d6b      0x471 src/buzzer.o
 .debug_line    0x000011dc      0x5b7 src/keypad.o
 .debug_line    0x00001793      0x43e src/leds.o
 .debug_line    0x00001bd1       0xe2 src/main.o
 .debug_line    0x00001cb3      0x21b src/storage.o
 .debug_line    0x00001ece      0x218 src/sys_tick.o
 .debug_line    0x000020e6      0x7bb src/ui.o
 .debug_line    0x000028a1     0x1082 ../../lcd/lcd_driver/lcd_driver.o

.debug_frame    0x00000000      0x638
 *(.debug_frame)
 .debug_frame   0x00000000       0xe0 src/anvil.o
 .debug_frame   0x000000e0       0x98 src/buzzer.o
 .debug_frame   0x00000178       0x50 src/keypad.o
 .debug_frame   0x000001c8       0xa4 src/leds.o
 .debug_frame   0x0000026c       0x24 src/main.o
 .debug_frame   0x00000290       0xa0 src/storage.o
 .debug_frame   0x00000330       0x8c src/sys_tick.o
 .debug_frame   0x000003bc      0x118 src/ui.o
 .debug_frame   0x000004d4      0x164 ../../lcd/lcd_driver/lcd_driver.o

.debug_str      0x00000000      0xcdd
 *(.debug_str)
 .debug_str     0x00000000      0x208 C:/microchip_avr_gcc_toolchain/avr8-gnu-toolchain-win32_x86_64/bin/../lib/gcc/avr/15.1.0/../../../../avr/lib/avr5/crtatmega328p.o
 .debug_str     0x00000208      0xad5 src/anvil.o
                                0x592 (size before relaxing)
 .debug_str     0x00000cdd      0x284 src/buzzer.o
 .debug_str     0x00000cdd      0x30e src/keypad.o
 .debug_str     0x00000cdd      0x261 src/leds.o
 .debug_str     0x00000cdd      0x283 src/main.o
 .debug_str     0x00000cdd      0x1f5 src/storage.o
 .debug_str     0x00000cdd      0x1b6 src/sys_tick.o
 .debug_str     0x00000cdd      0x2b0 src/ui.o
 .debug_str     0x00000cdd      0x382 ../../lcd/lcd_driver/lcd_driver.o

.debug_loc
 *(.debug_loc)

.debug_macinfo
 *(.debug_macinfo)

.debug_weaknames
 *(.debug_weaknames)

.debug_funcnames
 *(.debug_funcnames)

.debug_typenames
 *(.debug_typenames)

.debug_varnames
 *(.debug_varnames)

.debug_pubtypes
 *(.debug_pubtypes)

.debug_ranges
 *(.debug_ranges)

.debug_addr
 *(.debug_addr)

.debug_line_str
                0x00000000      0x227
 *(.debug_line_str)
 .debug_line_str
                0x00000000      0x227 src/anvil.o
                                0x119 (size before relaxing)
 .debug_line_str
                0x00000227       0xf5 src/buzzer.o
 .debug_line_str
                0x00000227      0x156 src/keypad.o
 .debug_line_str
                0x00000227       0xe6 src/leds.o
 .debug_line_str
                0x00000227       0xe4 src/main.o
 .debug_line_str
                0x00000227      0x13c src/storage.o
 .debug_line_str
                0x00000227      0x140 src/sys_tick.o
 .debug_line_str
                0x00000227       0xf7 src/ui.o
 .debug_line_str
                0x00000227      0x174 ../../lcd/lcd_driver/lcd_driver.o

.debug_loclists
                0x00000000     0x16c9
 *(.debug_loclists)
 .debug_loclists
                0x00000000      0x32d src/anvil.o
 .debug_loclists
                0x0000032d      0x2d1 src/buzzer.o
 .debug_loclists
                0x000005fe      0x1ba src/keypad.o
 .debug_loclists
                0x000007b8       0x72 src/leds.o
 .debug_loclists
                0x0000082a      0x137 src/storage.o
 .debug_loclists
                0x00000961       0xa9 src/sys_tick.o
 .debug_loclists
                0x00000a0a      0x2f3 src/ui.o
 .debug_loclists
                0x00000cfd      0x9cc ../../lcd/lcd_driver/lcd_driver.o

.debug_macro
 *(.debug_macro)

.debug_names
 *(.debug_names)

.debug_rnglists
                0x00000000      0x29d
 *(.debug_rnglists)
 .debug_rnglists
                0x00000000       0x8a src/anvil.o
 .debug_rnglists
                0x0000008a       0x55 src/buzzer.o
 .debug_rnglists
                0x000000df       0x62 src/keypad.o
 .debug_rnglists
                0x00000141       0x38 src/leds.o
 .debug_rnglists
                0x00000179       0x13 src/main.o
 .debug_rnglists
                0x0000018c       0x2b src/storage.o
 .debug_rnglists
                0x000001b7       0x25 src/sys_tick.o
 .debug_rnglists
                0x000001dc       0x4d src/ui.o
 .debug_rnglists
                0x00000229       0x74 ../../lcd/lcd_driver/lcd_driver.o

.debug_str_offsets
 *(.debug_str_offsets)

.debug_sup
 *(.debug_sup)
OUTPUT(build/anvil.elf elf32-avr)
LOAD linker stubs
